INFO  04:54:28,385 - ===================================
INFO  04:54:28,408 - ProgramName 	visited na liniji 3
INFO  04:54:28,408 - Type		visited na liniji 5
INFO  04:54:28,408 - Const 		visited na liniji 5
INFO  04:54:28,408 - Type		visited na liniji 6
INFO  04:54:28,409 - Const 		visited na liniji 6
INFO  04:54:28,409 - Type		visited na liniji 7
INFO  04:54:28,409 - Const 		visited na liniji 7
INFO  04:54:28,409 - Type		visited na liniji 9
INFO  04:54:28,409 - VarName		visited na liniji 9
INFO  04:54:28,409 - Type		visited na liniji 10
INFO  04:54:28,409 - VarArr		visited na liniji 10
INFO  04:54:28,409 - Type		visited na liniji 11
INFO  04:54:28,410 - VarArr		visited na liniji 11
INFO  04:54:28,410 - Type		visited na liniji 14
INFO  04:54:28,411 - MethodBegin 	visited na liniji 14
INFO  04:54:28,411 - Type		visited na liniji 14
INFO  04:54:28,411 - FormDecl 		visited na liniji 14
INFO  04:54:28,411 - Type		visited na liniji 14
INFO  04:54:28,411 - FormDecl 		visited na liniji 14
INFO  04:54:28,412 - SingleDesignator 	visited na liniji 16
INFO  04:54:28,412 - Objct		visited na liniji 16
INFO  04:54:28,422 - SingleFactor 	visited na liniji 16
INFO  04:54:28,422 - Term 		visited na liniji 16
INFO  04:54:28,422 - SingleTerm 	visited na liniji 16
INFO  04:54:28,423 - SingleDesignator 	visited na liniji 16
INFO  04:54:28,423 - Objct		visited na liniji 16
INFO  04:54:28,423 - SingleFactor 	visited na liniji 16
INFO  04:54:28,423 - Term 		visited na liniji 16
INFO  04:54:28,423 - TermLst 		visited na liniji 16
INFO  04:54:28,423 - Express	 	visited na liniji 16
INFO  04:54:28,423 - RetExpr 		visited na liniji 16
INFO  04:54:28,423 - MethodDecl 	visited na liniji 14
INFO  04:54:28,424 - MethodBegin 	visited na liniji 19
INFO  04:54:28,424 - Type		visited na liniji 20
INFO  04:54:28,424 - VarName		visited na liniji 20
INFO  04:54:28,424 - Type		visited na liniji 21
INFO  04:54:28,424 - VarName		visited na liniji 21
INFO  04:54:28,424 - SingleDesignator 	visited na liniji 23
INFO  04:54:28,424 - NumCons		visited na liniji 23
INFO  04:54:28,425 - SingleFactor 	visited na liniji 23
INFO  04:54:28,425 - Term 		visited na liniji 23
INFO  04:54:28,425 - SingleTerm 	visited na liniji 23
INFO  04:54:28,425 - Express	 	visited na liniji 23
INFO  04:54:28,425 - Assign 		visited na liniji 23
INFO  04:54:28,425 - DesignatorS 	visiter na liniji 23
INFO  04:54:28,425 - SingleDesignator 	visited na liniji 24
INFO  04:54:28,425 - Increment 		visited na liniji 24
INFO  04:54:28,425 - DesignatorS 	visiter na liniji 24
INFO  04:54:28,426 - SingleDesignator 	visited na liniji 25
INFO  04:54:28,426 - SingleDesignator 	visited na liniji 25
INFO  04:54:28,426 - Objct		visited na liniji 25
INFO  04:54:28,426 - SingleFactor 	visited na liniji 25
INFO  04:54:28,426 - Term 		visited na liniji 25
INFO  04:54:28,426 - SingleTerm 	visited na liniji 25
INFO  04:54:28,426 - SingleDesignator 	visited na liniji 25
INFO  04:54:28,426 - Objct		visited na liniji 25
INFO  04:54:28,427 - SingleFactor 	visited na liniji 25
INFO  04:54:28,427 - Term 		visited na liniji 25
INFO  04:54:28,427 - TermLst 		visited na liniji 25
INFO  04:54:28,427 - Express	 	visited na liniji 25
INFO  04:54:28,427 - Assign 		visited na liniji 25
INFO  04:54:28,427 - DesignatorS 	visiter na liniji 25
INFO  04:54:28,427 - SingleDesignator 	visited na liniji 26
INFO  04:54:28,427 - SingleDesignator 	visited na liniji 26
INFO  04:54:28,428 - Objct		visited na liniji 26
INFO  04:54:28,428 - SingleFactor 	visited na liniji 26
INFO  04:54:28,428 - SingleDesignator 	visited na liniji 26
INFO  04:54:28,428 - Objct		visited na liniji 26
INFO  04:54:28,428 - FactorList 	visited na liniji 26
INFO  04:54:28,428 - Term 		visited na liniji 26
INFO  04:54:28,428 - SingleTerm 	visited na liniji 26
INFO  04:54:28,428 - Express	 	visited na liniji 26
INFO  04:54:28,428 - Assign 		visited na liniji 26
INFO  04:54:28,429 - DesignatorS 	visiter na liniji 26
INFO  04:54:28,429 - SingleDesignator 	visited na liniji 27
INFO  04:54:28,429 - Decrement 		visited na liniji 27
INFO  04:54:28,429 - DesignatorS 	visiter na liniji 27
INFO  04:54:28,429 - SingleDesignator 	visited na liniji 28
INFO  04:54:28,429 - Objct		visited na liniji 28
INFO  04:54:28,429 - SingleFactor 	visited na liniji 28
INFO  04:54:28,430 - Term 		visited na liniji 28
INFO  04:54:28,430 - SingleTerm 	visited na liniji 28
INFO  04:54:28,430 - Express	 	visited na liniji 28
INFO  04:54:28,430 - PrintNoNum 	visited na liniji 28
INFO  04:54:28,430 - SingleDesignator 	visited na liniji 31
INFO  04:54:28,430 - Type		visited na liniji 31
INFO  04:54:28,430 - NumCons		visited na liniji 31
INFO  04:54:28,430 - SingleFactor 	visited na liniji 31
INFO  04:54:28,431 - Term 		visited na liniji 31
INFO  04:54:28,431 - SingleTerm 	visited na liniji 31
INFO  04:54:28,431 - Express	 	visited na liniji 31
INFO  04:54:28,431 - Constr		visited na liniji 31
INFO  04:54:28,431 - SingleFactor 	visited na liniji 31
INFO  04:54:28,431 - Term 		visited na liniji 31
INFO  04:54:28,431 - SingleTerm 	visited na liniji 31
INFO  04:54:28,431 - Express	 	visited na liniji 31
INFO  04:54:28,431 - Assign 		visited na liniji 31
INFO  04:54:28,431 - DesignatorS 	visiter na liniji 31
INFO  04:54:28,432 - SingleDesignator 	visited na liniji 32
INFO  04:54:28,432 - Objct		visited na liniji 32
INFO  04:54:28,432 - SingleFactor 	visited na liniji 32
INFO  04:54:28,432 - Term 		visited na liniji 32
INFO  04:54:28,432 - SingleTerm 	visited na liniji 32
INFO  04:54:28,432 - Express	 	visited na liniji 32
INFO  04:54:28,432 - ArrayDesignator 	visited na liniji 32
INFO  04:54:28,432 - SingleDesignator 	visited na liniji 32
INFO  04:54:28,433 - Objct		visited na liniji 32
INFO  04:54:28,433 - SingleFactor 	visited na liniji 32
INFO  04:54:28,433 - Term 		visited na liniji 32
INFO  04:54:28,433 - SingleTerm 	visited na liniji 32
INFO  04:54:28,433 - Express	 	visited na liniji 32
INFO  04:54:28,433 - Assign 		visited na liniji 32
INFO  04:54:28,434 - DesignatorS 	visiter na liniji 32
INFO  04:54:28,434 - NumCons		visited na liniji 33
INFO  04:54:28,434 - SingleFactor 	visited na liniji 33
INFO  04:54:28,434 - Term 		visited na liniji 33
INFO  04:54:28,434 - SingleTerm 	visited na liniji 33
INFO  04:54:28,434 - Express	 	visited na liniji 33
INFO  04:54:28,435 - ArrayDesignator 	visited na liniji 33
INFO  04:54:28,435 - NumCons		visited na liniji 33
INFO  04:54:28,435 - SingleFactor 	visited na liniji 33
INFO  04:54:28,435 - Term 		visited na liniji 33
INFO  04:54:28,435 - SingleTerm 	visited na liniji 33
INFO  04:54:28,435 - Express	 	visited na liniji 33
INFO  04:54:28,435 - Assign 		visited na liniji 33
INFO  04:54:28,436 - DesignatorS 	visiter na liniji 33
INFO  04:54:28,436 - SingleDesignator 	visited na liniji 34
INFO  04:54:28,436 - Objct		visited na liniji 34
INFO  04:54:28,436 - SingleFactor 	visited na liniji 34
INFO  04:54:28,436 - Term 		visited na liniji 34
INFO  04:54:28,436 - SingleTerm 	visited na liniji 34
INFO  04:54:28,436 - Express	 	visited na liniji 34
INFO  04:54:28,436 - ArrayDesignator 	visited na liniji 34
INFO  04:54:28,436 - Objct		visited na liniji 34
INFO  04:54:28,436 - SingleFactor 	visited na liniji 34
INFO  04:54:28,437 - Term 		visited na liniji 34
INFO  04:54:28,437 - SingleTerm 	visited na liniji 34
INFO  04:54:28,437 - Express	 	visited na liniji 34
INFO  04:54:28,437 - ArrayDesignator 	visited na liniji 34
INFO  04:54:28,437 - NumCons		visited na liniji 37
INFO  04:54:28,437 - SingleFactor 	visited na liniji 37
INFO  04:54:28,437 - Term 		visited na liniji 37
INFO  04:54:28,437 - SingleTerm 	visited na liniji 37
INFO  04:54:28,437 - Express	 	visited na liniji 37
INFO  04:54:28,437 - ArrayDesignator 	visited na liniji 37
INFO  04:54:28,437 - Objct		visited na liniji 37
INFO  04:54:28,437 - SingleFactor 	visited na liniji 37
INFO  04:54:28,437 - Term 		visited na liniji 37
INFO  04:54:28,437 - SingleTerm 	visited na liniji 37
INFO  04:54:28,438 - Express	 	visited na liniji 37
INFO  04:54:28,438 - ArrayDesignator 	visited na liniji 36
INFO  04:54:28,438 - Objct		visited na liniji 36
INFO  04:54:28,438 - SingleFactor 	visited na liniji 36
INFO  04:54:28,438 - NumCons		visited na liniji 39
INFO  04:54:28,438 - FactorList 	visited na liniji 36
INFO  04:54:28,438 - Term 		visited na liniji 36
INFO  04:54:28,438 - SingleTerm 	visited na liniji 36
INFO  04:54:28,438 - Express	 	visited na liniji 36
INFO  04:54:28,438 - Assign 		visited na liniji 34
INFO  04:54:28,438 - DesignatorS 	visiter na liniji 34
INFO  04:54:28,438 - SingleDesignator 	visited na liniji 40
INFO  04:54:28,439 - NumCons		visited na liniji 40
INFO  04:54:28,439 - SingleFactor 	visited na liniji 40
INFO  04:54:28,439 - Term 		visited na liniji 40
INFO  04:54:28,439 - SingleTerm 	visited na liniji 40
INFO  04:54:28,439 - Express	 	visited na liniji 40
INFO  04:54:28,439 - ArrayDesignator 	visited na liniji 40
INFO  04:54:28,439 - Objct		visited na liniji 40
INFO  04:54:28,439 - SingleFactor 	visited na liniji 40
INFO  04:54:28,439 - NumCons		visited na liniji 40
INFO  04:54:28,439 - SingleFactor 	visited na liniji 40
INFO  04:54:28,439 - Term 		visited na liniji 40
INFO  04:54:28,439 - SingleTerm 	visited na liniji 40
INFO  04:54:28,439 - Express	 	visited na liniji 40
INFO  04:54:28,439 - ArrayDesignator 	visited na liniji 40
INFO  04:54:28,440 - Objct		visited na liniji 40
INFO  04:54:28,440 - FactorList 	visited na liniji 40
INFO  04:54:28,440 - Term 		visited na liniji 40
INFO  04:54:28,440 - SingleTerm 	visited na liniji 40
INFO  04:54:28,440 - Express	 	visited na liniji 40
INFO  04:54:28,440 - Assign 		visited na liniji 40
INFO  04:54:28,440 - DesignatorS 	visiter na liniji 40
INFO  04:54:28,440 - SingleDesignator 	visited na liniji 41
INFO  04:54:28,440 - Objct		visited na liniji 41
INFO  04:54:28,440 - SingleFactor 	visited na liniji 41
INFO  04:54:28,440 - Term 		visited na liniji 41
INFO  04:54:28,440 - SingleTerm 	visited na liniji 41
INFO  04:54:28,440 - Express	 	visited na liniji 41
INFO  04:54:28,440 - PrintNoNum 	visited na liniji 41
INFO  04:54:28,441 - NumCons		visited na liniji 42
INFO  04:54:28,441 - SingleFactor 	visited na liniji 42
INFO  04:54:28,441 - Term 		visited na liniji 42
INFO  04:54:28,441 - SingleTerm 	visited na liniji 42
INFO  04:54:28,441 - Express	 	visited na liniji 42
INFO  04:54:28,441 - ArrayDesignator 	visited na liniji 42
INFO  04:54:28,441 - Objct		visited na liniji 42
INFO  04:54:28,441 - SingleFactor 	visited na liniji 42
INFO  04:54:28,441 - Term 		visited na liniji 42
INFO  04:54:28,441 - SingleTerm 	visited na liniji 42
INFO  04:54:28,441 - Express	 	visited na liniji 42
INFO  04:54:28,441 - PrintNoNum 	visited na liniji 42
INFO  04:54:28,442 - SingleDesignator 	visited na liniji 45
INFO  04:54:28,442 - Type		visited na liniji 45
INFO  04:54:28,442 - NumCons		visited na liniji 45
INFO  04:54:28,442 - SingleFactor 	visited na liniji 45
INFO  04:54:28,442 - Term 		visited na liniji 45
INFO  04:54:28,443 - SingleTerm 	visited na liniji 45
INFO  04:54:28,443 - Express	 	visited na liniji 45
INFO  04:54:28,443 - Constr		visited na liniji 45
INFO  04:54:28,443 - SingleFactor 	visited na liniji 45
INFO  04:54:28,444 - Term 		visited na liniji 45
INFO  04:54:28,444 - SingleTerm 	visited na liniji 45
INFO  04:54:28,444 - Express	 	visited na liniji 45
INFO  04:54:28,444 - Assign 		visited na liniji 45
INFO  04:54:28,444 - DesignatorS 	visiter na liniji 45
INFO  04:54:28,444 - NumCons		visited na liniji 46
INFO  04:54:28,445 - SingleFactor 	visited na liniji 46
INFO  04:54:28,445 - Term 		visited na liniji 46
INFO  04:54:28,446 - SingleTerm 	visited na liniji 46
INFO  04:54:28,446 - Express	 	visited na liniji 46
INFO  04:54:28,446 - ArrayDesignator 	visited na liniji 46
INFO  04:54:28,447 - CharCons	visited na liniji 46
INFO  04:54:28,447 - SingleFactor 	visited na liniji 46
INFO  04:54:28,447 - Term 		visited na liniji 46
INFO  04:54:28,447 - SingleTerm 	visited na liniji 46
INFO  04:54:28,447 - Express	 	visited na liniji 46
INFO  04:54:28,447 - Assign 		visited na liniji 46
INFO  04:54:28,447 - DesignatorS 	visiter na liniji 46
INFO  04:54:28,448 - SingleDesignator 	visited na liniji 47
INFO  04:54:28,448 - Objct		visited na liniji 47
INFO  04:54:28,448 - SingleFactor 	visited na liniji 47
INFO  04:54:28,448 - Term 		visited na liniji 47
INFO  04:54:28,448 - SingleTerm 	visited na liniji 47
INFO  04:54:28,448 - Express	 	visited na liniji 47
INFO  04:54:28,448 - ArrayDesignator 	visited na liniji 47
INFO  04:54:28,448 - CharCons	visited na liniji 47
INFO  04:54:28,448 - SingleFactor 	visited na liniji 47
INFO  04:54:28,448 - Term 		visited na liniji 47
INFO  04:54:28,448 - SingleTerm 	visited na liniji 47
INFO  04:54:28,449 - Express	 	visited na liniji 47
INFO  04:54:28,449 - Assign 		visited na liniji 47
INFO  04:54:28,449 - DesignatorS 	visiter na liniji 47
INFO  04:54:28,449 - SingleDesignator 	visited na liniji 48
INFO  04:54:28,449 - Objct		visited na liniji 48
INFO  04:54:28,449 - SingleFactor 	visited na liniji 48
INFO  04:54:28,449 - Term 		visited na liniji 48
INFO  04:54:28,450 - SingleTerm 	visited na liniji 48
INFO  04:54:28,450 - NumCons		visited na liniji 48
INFO  04:54:28,450 - SingleFactor 	visited na liniji 48
INFO  04:54:28,450 - Term 		visited na liniji 48
INFO  04:54:28,450 - TermLst 		visited na liniji 48
INFO  04:54:28,450 - Express	 	visited na liniji 48
INFO  04:54:28,450 - ArrayDesignator 	visited na liniji 48
INFO  04:54:28,450 - CharCons	visited na liniji 48
INFO  04:54:28,450 - SingleFactor 	visited na liniji 48
INFO  04:54:28,450 - Term 		visited na liniji 48
INFO  04:54:28,450 - SingleTerm 	visited na liniji 48
INFO  04:54:28,450 - Express	 	visited na liniji 48
INFO  04:54:28,450 - Assign 		visited na liniji 48
INFO  04:54:28,450 - DesignatorS 	visiter na liniji 48
INFO  04:54:28,450 - NumCons		visited na liniji 49
INFO  04:54:28,450 - SingleFactor 	visited na liniji 49
INFO  04:54:28,450 - Term 		visited na liniji 49
INFO  04:54:28,450 - SingleTerm 	visited na liniji 49
INFO  04:54:28,451 - Express	 	visited na liniji 49
INFO  04:54:28,451 - ArrayDesignator 	visited na liniji 49
INFO  04:54:28,451 - Objct		visited na liniji 49
INFO  04:54:28,451 - SingleFactor 	visited na liniji 49
INFO  04:54:28,451 - Term 		visited na liniji 49
INFO  04:54:28,451 - SingleTerm 	visited na liniji 49
INFO  04:54:28,451 - Express	 	visited na liniji 49
INFO  04:54:28,451 - PrintNoNum 	visited na liniji 49
INFO  04:54:28,451 - SingleDesignator 	visited na liniji 50
INFO  04:54:28,451 - Objct		visited na liniji 50
INFO  04:54:28,451 - SingleFactor 	visited na liniji 50
INFO  04:54:28,451 - NumCons		visited na liniji 50
INFO  04:54:28,451 - FactorList 	visited na liniji 50
INFO  04:54:28,451 - Term 		visited na liniji 50
INFO  04:54:28,451 - SingleTerm 	visited na liniji 50
INFO  04:54:28,451 - Express	 	visited na liniji 50
INFO  04:54:28,451 - ArrayDesignator 	visited na liniji 50
INFO  04:54:28,451 - Objct		visited na liniji 50
INFO  04:54:28,452 - SingleFactor 	visited na liniji 50
INFO  04:54:28,452 - Term 		visited na liniji 50
INFO  04:54:28,452 - SingleTerm 	visited na liniji 50
INFO  04:54:28,452 - Express	 	visited na liniji 50
INFO  04:54:28,452 - PrintNoNum 	visited na liniji 50
INFO  04:54:28,452 - SingleDesignator 	visited na liniji 53
INFO  04:54:28,452 - SingleDesignator 	visited na liniji 53
INFO  04:54:28,452 - Objct		visited na liniji 53
INFO  04:54:28,452 - SingleFactor 	visited na liniji 53
INFO  04:54:28,452 - Term 		visited na liniji 53
INFO  04:54:28,452 - SingleTerm 	visited na liniji 53
INFO  04:54:28,452 - SingleDesignator 	visited na liniji 53
INFO  04:54:28,452 - Objct		visited na liniji 53
INFO  04:54:28,452 - SingleFactor 	visited na liniji 53
INFO  04:54:28,452 - SingleDesignator 	visited na liniji 53
INFO  04:54:28,452 - Objct		visited na liniji 53
INFO  04:54:28,453 - FactorList 	visited na liniji 53
INFO  04:54:28,453 - Term 		visited na liniji 53
INFO  04:54:28,453 - SingleTerm 	visited na liniji 53
INFO  04:54:28,453 - NumCons		visited na liniji 53
INFO  04:54:28,453 - SingleFactor 	visited na liniji 53
INFO  04:54:28,453 - Term 		visited na liniji 53
INFO  04:54:28,453 - TermLst 		visited na liniji 53
INFO  04:54:28,453 - Express	 	visited na liniji 53
INFO  04:54:28,453 - Expression 	visited na liniji 53
INFO  04:54:28,453 - SingleFactor 	visited na liniji 53
INFO  04:54:28,453 - SingleDesignator 	visited na liniji 53
INFO  04:54:28,453 - Objct		visited na liniji 53
INFO  04:54:28,453 - FactorList 	visited na liniji 53
INFO  04:54:28,453 - Term 		visited na liniji 53
INFO  04:54:28,453 - TermLst 		visited na liniji 53
INFO  04:54:28,453 - NumCons		visited na liniji 53
INFO  04:54:28,454 - SingleFactor 	visited na liniji 53
INFO  04:54:28,454 - NumCons		visited na liniji 53
INFO  04:54:28,454 - FactorList 	visited na liniji 53
INFO  04:54:28,454 - Term 		visited na liniji 53
INFO  04:54:28,454 - SingleTerm 	visited na liniji 53
INFO  04:54:28,454 - NumCons		visited na liniji 53
INFO  04:54:28,454 - SingleFactor 	visited na liniji 53
INFO  04:54:28,454 - NumCons		visited na liniji 53
INFO  04:54:28,454 - FactorList 	visited na liniji 53
INFO  04:54:28,454 - Term 		visited na liniji 53
INFO  04:54:28,454 - TermLst 		visited na liniji 53
INFO  04:54:28,454 - NumCons		visited na liniji 53
INFO  04:54:28,454 - SingleFactor 	visited na liniji 53
INFO  04:54:28,454 - Term 		visited na liniji 53
INFO  04:54:28,454 - TermLst 		visited na liniji 53
INFO  04:54:28,454 - Express	 	visited na liniji 53
INFO  04:54:28,454 - Expression 	visited na liniji 53
INFO  04:54:28,454 - SingleFactor 	visited na liniji 53
INFO  04:54:28,454 - Term 		visited na liniji 53
INFO  04:54:28,454 - TermLst 		visited na liniji 53
INFO  04:54:28,455 - Express	 	visited na liniji 53
INFO  04:54:28,455 - Assign 		visited na liniji 53
INFO  04:54:28,455 - DesignatorS 	visiter na liniji 53
INFO  04:54:28,455 - SingleDesignator 	visited na liniji 54
INFO  04:54:28,455 - Objct		visited na liniji 54
INFO  04:54:28,455 - SingleFactor 	visited na liniji 54
INFO  04:54:28,455 - Term 		visited na liniji 54
INFO  04:54:28,455 - SingleTerm 	visited na liniji 54
INFO  04:54:28,455 - Express	 	visited na liniji 54
INFO  04:54:28,455 - PrintNoNum 	visited na liniji 54
INFO  04:54:28,455 - SingleDesignator 	visited na liniji 57
INFO  04:54:28,455 - Objct		visited na liniji 57
INFO  04:54:28,455 - SingleFactor 	visited na liniji 57
INFO  04:54:28,455 - Term 		visited na liniji 57
INFO  04:54:28,455 - SingleTerm 	visited na liniji 57
INFO  04:54:28,455 - Express	 	visited na liniji 57
INFO  04:54:28,455 - PrintNoNum 	visited na liniji 57
INFO  04:54:28,455 - MethodDecl 	visited na liniji 19
INFO  04:54:28,455 - Program 		visited na liniji 3
=====================SYMBOL TABLE DUMP=========================
Type int: int, -1, -1 
Type char: char, -1, -1 
Con eol: char, 10, 0 
Con null: Record [], 0, 0 
Meth chr: char, 0, 1 
   Var i: int, 0, 1 

Meth ord: int, 0, 1 
   Var ch: char, 0, 1 

Meth len: int, 0, 1 
   Var arr: Arr of notype, 0, 1 

Type bool: bool, 0, 1 
Prog test301: notype, 0, 1 
   Con nula: int, 0, 0 
   Con jedan: int, 1, 0 
   Con pet: int, 5, 0 
   Var i: int, 0, 0 
   Var niz: Arr of int, 1, 0 
   Var nizch: Arr of char, 2, 0 
   Meth sum: int, 0, 2 
      Var a: int, 0, 1 
      Var b: int, 1, 1 

   Meth main: notype, 0, 0 
      Var bodovi: int, 0, 1 
      Var bt: bool, 1, 1 



INFO  04:54:28,463 - Parsiranje USPESNO! :)